bye&
bye&b
abye&
abye&b
bye&$
^bye&
^bye&$
bye&\$
(bye&)
\(bye&\)
