&bye
&byeb
a&bye
a&byeb
&bye$
^&bye
^&bye$
&bye\$
(&bye)
\(&bye\)
